[     127ms] [INFO] %cDownload the React DevTools for a better development experience: https://reactjs.org/link/react-devtools font-weight:bold @ http://localhost:5174/node_modules/.vite/deps/chunk-OY5C42Z6.js?v=8da97810:21608
[     181ms] [WARNING] ⚠️ React Router Future Flag Warning: React Router will begin wrapping state updates in `React.startTransition` in v7. You can use the `v7_startTransition` future flag to opt-in early. For more information, see https://reactrouter.com/v6/upgrading/future#v7_starttransition. @ http://localhost:5174/node_modules/.vite/deps/react-router-dom.js?v=8da97810:4435
[     181ms] [WARNING] ⚠️ React Router Future Flag Warning: Relative route resolution within Splat routes is changing in v7. You can use the `v7_relativeSplatPath` future flag to opt-in early. For more information, see https://reactrouter.com/v6/upgrading/future#v7_relativesplatpath. @ http://localhost:5174/node_modules/.vite/deps/react-router-dom.js?v=8da97810:4435
[     211ms] [ERROR] Failed to load resource: the server responded with a status of 404 (Not Found) @ http://localhost:5174/api/v1/intake/start:0
[     212ms] [ERROR] Failed to load resource: the server responded with a status of 404 (Not Found) @ http://localhost:5174/api/v1/intake/start:0
[  143076ms] [WARNING] No routes matched location "/login"  @ http://localhost:5174/node_modules/.vite/deps/react-router-dom.js?v=8da97810:213
[  143076ms] [WARNING] No routes matched location "/login"  @ http://localhost:5174/node_modules/.vite/deps/react-router-dom.js?v=8da97810:213
[  286708ms] [LOG] [vite] server connection lost. Polling for restart... @ http://localhost:5174/@vite/client:963
[  287376ms] [ERROR] WebSocket connection to 'ws://localhost:5174/' failed: Error in connection establishment: net::ERR_NETWORK_IO_SUSPENDED @ http://localhost:5174/@vite/client:1034
[  288685ms] [INFO] %cDownload the React DevTools for a better development experience: https://reactjs.org/link/react-devtools font-weight:bold @ http://localhost:5174/node_modules/.vite/deps/chunk-OY5C42Z6.js?v=8da97810:21608
[  288706ms] [WARNING] No routes matched location "/login"  @ http://localhost:5174/node_modules/.vite/deps/react-router-dom.js?v=8da97810:213
[  288707ms] [WARNING] No routes matched location "/login"  @ http://localhost:5174/node_modules/.vite/deps/react-router-dom.js?v=8da97810:213
[  288757ms] [WARNING] ⚠️ React Router Future Flag Warning: React Router will begin wrapping state updates in `React.startTransition` in v7. You can use the `v7_startTransition` future flag to opt-in early. For more information, see https://reactrouter.com/v6/upgrading/future#v7_starttransition. @ http://localhost:5174/node_modules/.vite/deps/react-router-dom.js?v=8da97810:4435
[  288757ms] [WARNING] ⚠️ React Router Future Flag Warning: Relative route resolution within Splat routes is changing in v7. You can use the `v7_relativeSplatPath` future flag to opt-in early. For more information, see https://reactrouter.com/v6/upgrading/future#v7_relativesplatpath. @ http://localhost:5174/node_modules/.vite/deps/react-router-dom.js?v=8da97810:4435
[  539861ms] [LOG] [vite] server connection lost. Polling for restart... @ http://localhost:5174/@vite/client:963
[  539902ms] [ERROR] WebSocket connection to 'ws://localhost:5174/' failed: Error in connection establishment: net::ERR_NETWORK_IO_SUSPENDED @ http://localhost:5174/@vite/client:1034
[  543987ms] [INFO] %cDownload the React DevTools for a better development experience: https://reactjs.org/link/react-devtools font-weight:bold @ http://localhost:5174/node_modules/.vite/deps/chunk-OY5C42Z6.js?v=8da97810:21608
[  544008ms] [WARNING] No routes matched location "/login"  @ http://localhost:5174/node_modules/.vite/deps/react-router-dom.js?v=8da97810:213
[  544008ms] [WARNING] No routes matched location "/login"  @ http://localhost:5174/node_modules/.vite/deps/react-router-dom.js?v=8da97810:213
[  544045ms] [WARNING] ⚠️ React Router Future Flag Warning: React Router will begin wrapping state updates in `React.startTransition` in v7. You can use the `v7_startTransition` future flag to opt-in early. For more information, see https://reactrouter.com/v6/upgrading/future#v7_starttransition. @ http://localhost:5174/node_modules/.vite/deps/react-router-dom.js?v=8da97810:4435
[  544045ms] [WARNING] ⚠️ React Router Future Flag Warning: Relative route resolution within Splat routes is changing in v7. You can use the `v7_relativeSplatPath` future flag to opt-in early. For more information, see https://reactrouter.com/v6/upgrading/future#v7_relativesplatpath. @ http://localhost:5174/node_modules/.vite/deps/react-router-dom.js?v=8da97810:4435
[  544880ms] [LOG] [vite] server connection lost. Polling for restart... @ http://localhost:5174/@vite/client:963
[  544883ms] [ERROR] WebSocket connection to 'ws://localhost:5174/' failed: Error in connection establishment: net::ERR_NETWORK_IO_SUSPENDED @ http://localhost:5174/@vite/client:1034
[ 1809016ms] [ERROR] WebSocket connection to 'ws://localhost:5174/' failed: Error during WebSocket handshake: net::ERR_NETWORK_IO_SUSPENDED @ http://localhost:5174/@vite/client:1034
[53918366ms] [INFO] %cDownload the React DevTools for a better development experience: https://reactjs.org/link/react-devtools font-weight:bold @ http://localhost:5174/node_modules/.vite/deps/chunk-OY5C42Z6.js?v=8da97810:21608
[53918375ms] [WARNING] No routes matched location "/login"  @ http://localhost:5174/node_modules/.vite/deps/react-router-dom.js?v=8da97810:213
[53918375ms] [WARNING] No routes matched location "/login"  @ http://localhost:5174/node_modules/.vite/deps/react-router-dom.js?v=8da97810:213
[53918376ms] [WARNING] ⚠️ React Router Future Flag Warning: React Router will begin wrapping state updates in `React.startTransition` in v7. You can use the `v7_startTransition` future flag to opt-in early. For more information, see https://reactrouter.com/v6/upgrading/future#v7_starttransition. @ http://localhost:5174/node_modules/.vite/deps/react-router-dom.js?v=8da97810:4435
[53918376ms] [WARNING] ⚠️ React Router Future Flag Warning: Relative route resolution within Splat routes is changing in v7. You can use the `v7_relativeSplatPath` future flag to opt-in early. For more information, see https://reactrouter.com/v6/upgrading/future#v7_relativesplatpath. @ http://localhost:5174/node_modules/.vite/deps/react-router-dom.js?v=8da97810:4435
